 *******************************************************************************
 **                                                                           **
 **                              MOPAC v23.1.2                                **
 **                                                                           **
 *******************************************************************************
 **          Digital Object Identifier (DOI): 10.5281/zenodo.6511958          **
 **    Visit the DOI location for information on how to cite this program.    **
 *******************************************************************************

                              PM7 CALCULATION RESULTS

 *******************************************************************************
 *  CALCULATION DONE: (MAX THREADS = 4)              Thu Aug 28 20:20:23 2025  *
 *  GEO-OK     - OVERRIDE INTERATOMIC DISTANCE AND OTHER SAFETY CHECKS
 *  GEO_DAT    - DATA SET GEOMETRY IS IN FILE "Cyclobutadiene_1.arc"
 *  GEO_REF    - REFERENCE GEOMETRY IS IN FILE "Cyclobutadiene_2.arc"
 *               (NO BIAS TOWARDS THE REFERENCE GEOMETRY WILL BE APPLIED)
 *  OPT        - OPTIMIZE COORDINATES OF ALL ATOMS
 *  XYZ        - CARTESIAN COORDINATE SYSTEM TO BE USED
 *  LOCATE-TS  - LOCATE A TRANSITION STATE USING REACTANTS AND PRODUCTS
 *  T=         - A TIME OF 172800.0 SECONDS REQUESTED
 *  DUMP=N     - RESTART FILE WRITTEN EVERY 7200.0 SECONDS REQUESTED
 *  HTML       - WRITE HTML SCRIPT TO READ PDB FILE USING JSMOL
 *******************************************************************************
 geo_ref="Cyclobutadiene_2.arc" +
geo_dat="Cyclobutadiene_1.arc" +
geo-ok locate-ts(C:30,60,120,120;SET:1) opt xyz HTML
 Transition state for 1,3-Cyclobutadiene <=> 2,4-Cyclobutadiene
 Locate approximate structure of the transition state for the second step in the hydride transfer
   ATOM                 CHEMICAL                   X               Y               Z
  NUMBER                 SYMBOL               (ANGSTROMS)     (ANGSTROMS)     (ANGSTROMS)
 
     1       C(HETATM    1  C   HET A   1)   -0.23381000  *  -0.78002000  *   0.90392000  *
     2       H(HETATM    2  H   HET A   1)    1.67454000  *   0.21551000  *   1.24897000  *
     3       C(HETATM    3  C   HET A   1)    0.63265000  *   0.45604000  *   0.96877000  *
     4       C(HETATM    4  C   HET A   1)    0.53803000  *   0.99939000  *  -0.43785000  *
     5       H(HETATM    5  H   HET A   1)   -0.37989000  *  -1.40727000  *   1.75708000  *
     6       H(HETATM    6  H   HET A   1)   -1.38623000  *  -1.68034000  *  -0.71762000  *
     7       H(HETATM    7  H   HET A   1)   -0.52676000  *   0.30129000  *  -2.21178000  *
     8       H(HETATM    8  H   HET A   1)    1.05068000  *   1.89089000  *  -0.72973000  *
     9       H(HETATM    9  H   HET A   1)    0.26247000  *   1.18071000  *   1.71693000  *
    10       C(HETATM   10  C   HET A   1)   -0.73796000  *  -0.91259000  *  -0.34476000  *
    11       C(HETATM   11  C   HET A   1)   -0.25760000  *   0.19484000  *  -1.17983000  *
 

                        After docking

                     Atoms that move a lot

                     Atom Label             GEO_REF Coordinates       Movement    Integral

            (HETATM    2  H   HET A   1)   0.568  -1.588   1.250        1.69         1.69
            (HETATM    9  H   HET A   1)   1.082   0.980   1.755        0.70         2.40
            (HETATM    5  H   HET A   1)  -0.933  -0.766   1.717        0.70         3.10
            (HETATM    8  H   HET A   1)   0.869   1.998  -0.721        0.63         3.73
            (HETATM    6  H   HET A   1)  -1.209  -1.794  -0.728        0.63         4.36
            (HETATM    1  C   HET A   1)  -0.119  -0.769   0.969        0.37         4.73
            (HETATM    3  C   HET A   1)   0.589   0.564   0.902        0.37         5.10
            (HETATM   10  C   HET A   1)  -0.646  -0.932  -0.437        0.34         5.44
            (HETATM    4  C   HET A   1)   0.479   1.072  -0.347        0.34         5.77
            (HETATM   11  C   HET A   1)  -0.291   0.141  -1.181        0.0376       5.81

     Residues that move a lot and their (Movement in Angstroms, per atom)


   Difference between GEO_DAT and GEO_REF: 5.835 = total,  0.5305 = Average,  0.6846 = RMS, in Angstroms

 General Reference for PM7:
 "Optimization of Parameters for Semiempirical Methods VI: More Modifications to the 
 NDDO Approximations and Re-optimization of Parameters", J. J. P. Stewart, J. Mol. Mod., 1:32, 19 (2013)
 https://link.springer.com/article/10.1007/s00894-012-1667-x

           Empirical Formula: C5 H6  =    11 atoms



      MOLECULAR POINT GROUP   :   Cs  

          NO CHARGES FOUND.

          COMPUTED CHARGE ON SYSTEM: +0

 Set 1: Atoms involved in covalent bond-breaking and bond-making                  Connectivity of atoms

                                                                             Data-set                  Reference
                                     (PDB labels from GEO-REF)
   1    Atom:   C     1  PDB Label: (HETATM    1  C   HET A   1)           3     5    10              2     3     5    10
   2    Atom:   H     2  PDB Label: (HETATM    2  H   HET A   1)           3                          1
   3    Atom:   C     3  PDB Label: (HETATM    3  C   HET A   1)           1     2     4     9        1     4     9

 Set 2 : Atoms involved in covalent bond-breaking and bond-making, plus nearest neighbors

   1    Atom:   C     1  PDB Label: (HETATM    1  C   HET A   1)
   2    Atom:   H     2  PDB Label: (HETATM    2  H   HET A   1)
   3    Atom:   C     3  PDB Label: (HETATM    3  C   HET A   1)
   4    Atom:   H     5  PDB Label: (HETATM    5  H   HET A   1)
   5    Atom:   C    10  PDB Label: (HETATM   10  C   HET A   1)
   6    Atom:   C     4  PDB Label: (HETATM    4  C   HET A   1)
   7    Atom:   H     9  PDB Label: (HETATM    9  H   HET A   1)

          Set 1 selected by keyword 'SET' within keyword 'LOCATE-TS'

          Current value of GEO_REF constraint:                 30.00  Kcal/mol/Angstrom^2
          Distance between the geometries:                      5.84  Angstroms

          Heat of formation of the first geometry:             32.295 Kcal/mol
          Heat of formation of the second geometry:            32.295 Kcal/mol
          Contribution to heat of formation due to stress:    309.358  Kcal/mol
          Gradient arising from first geometry:               272.414  Kcal/mol/Angstrom
          Gradient arising from second geometry:              272.543  Kcal/mol/Angstrom
          Angle between gradient vectors:                     179.71  degrees

 CYCLE:     1 TIME:   0.000 TIME LEFT:  2.00D  GRAD.:   192.671 HEAT:  373.9475
 CYCLE:     2 TIME:   0.008 TIME LEFT:  2.00D  GRAD.:   191.980 HEAT:  373.3915
 CYCLE:     3 TIME:   0.000 TIME LEFT:  2.00D  GRAD.:  1025.568 HEAT:  350.1945
 CYCLE:     4 TIME:   0.000 TIME LEFT:  2.00D  GRAD.:   174.428 HEAT:  319.6819
 CYCLE:     5 TIME:   0.000 TIME LEFT:  2.00D  GRAD.:   191.413 HEAT:  372.3838
 CYCLE:     6 TIME:   0.008 TIME LEFT:  2.00D  GRAD.:   183.733 HEAT:  362.4824
 CYCLE:     7 TIME:   0.000 TIME LEFT:  2.00D  GRAD.:   203.325 HEAT:  326.4974
 CYCLE:     8 TIME:   0.000 TIME LEFT:  2.00D  GRAD.:   603.021 HEAT:  308.1151
 CYCLE:     9 TIME:   0.008 TIME LEFT:  2.00D  GRAD.:   139.924 HEAT:  250.3958
 CYCLE:    10 TIME:   0.000 TIME LEFT:  2.00D  GRAD.:   108.306 HEAT:  266.8410
 CYCLE:    11 TIME:   0.000 TIME LEFT:  2.00D  GRAD.:   104.076 HEAT:  269.5272
 CYCLE:    12 TIME:   0.008 TIME LEFT:  2.00D  GRAD.:   101.643 HEAT:  266.7055
 CYCLE:    13 TIME:   0.000 TIME LEFT:  2.00D  GRAD.:    97.482 HEAT:  263.9683
 CYCLE:    14 TIME:   0.000 TIME LEFT:  2.00D  GRAD.:    97.484 HEAT:  263.3032
 CYCLE:    15 TIME:   0.000 TIME LEFT:  2.00D  GRAD.:    93.777 HEAT:  262.8982
 CYCLE:    16 TIME:   0.008 TIME LEFT:  2.00D  GRAD.:    94.061 HEAT:  262.9861
 CYCLE:    17 TIME:   0.000 TIME LEFT:  2.00D  GRAD.:   109.513 HEAT:  254.0886
 CYCLE:    18 TIME:   0.000 TIME LEFT:  2.00D  GRAD.:    89.757 HEAT:  236.2776
 CYCLE:    19 TIME:   0.008 TIME LEFT:  2.00D  GRAD.:   125.185 HEAT:  220.9488
 CYCLE:    20 TIME:   0.000 TIME LEFT:  2.00D  GRAD.:    61.661 HEAT:  217.9024
 CYCLE:    21 TIME:   0.000 TIME LEFT:  2.00D  GRAD.:    22.934 HEAT:  219.2004
 CYCLE:    22 TIME:   0.008 TIME LEFT:  2.00D  GRAD.:    17.874 HEAT:  218.4062
 CYCLE:    23 TIME:   0.000 TIME LEFT:  2.00D  GRAD.:    12.905 HEAT:  218.6925
 CYCLE:    24 TIME:   0.000 TIME LEFT:  2.00D  GRAD.:    14.217 HEAT:  218.4422
 CYCLE:    25 TIME:   0.000 TIME LEFT:  2.00D  GRAD.:    14.465 HEAT:  218.5288
 CYCLE:    26 TIME:   0.008 TIME LEFT:  2.00D  GRAD.:     4.822 HEAT:  218.7260
 CYCLE:    27 TIME:   0.000 TIME LEFT:  2.00D  GRAD.:     3.851 HEAT:  218.4945

     GRADIENT =  3.85123 IS LESS THAN CUTOFF =  4.00000



          First geometry (derived from data-set) after optimization subject to 
          GEO_REF constraint of 30.0 Kcal/mol/Angstrom^2 towards the reference geometry written to file:
          'Locate_TS bias=30.0 first.mop'


          Second geometry (derived from reference geometry)after optimization subject to 
          GEO_REF constraint of 30.0 Kcal/mol/Angstrom^2 towards the data-set geometry written to file:
          'Locate_TS bias=30.0 second.mop'


          Job name: 'Locate_TS'

          Current value of GEO_REF constraint:                 30.00  Kcal/mol/Angstrom^2
          Distance between the geometries:                    3.75  Angstroms

                     Atoms that move a lot

                     Atom Label             GEO_REF Coordinates       Movement    Integral

            (HETATM    2  H   HET A   1)   0.796  -1.389   1.239        1.05         1.05
            (HETATM    9  H   HET A   1)   0.926   0.971   1.789        0.39         1.44
            (HETATM    5  H   HET A   1)  -0.907  -0.949   1.728        0.39         1.84
            (HETATM    1  C   HET A   1)  -0.130  -0.800   0.958        0.34         2.18
            (HETATM    3  C   HET A   1)   0.562   0.521   0.902        0.34         2.52
            (HETATM    6  H   HET A   1)  -1.368  -1.735  -0.734        0.32         2.84
            (HETATM    8  H   HET A   1)   0.979   1.884  -0.726        0.32         3.16
            (HETATM   10  C   HET A   1)  -0.709  -0.940  -0.437        0.25         3.40
            (HETATM    4  C   HET A   1)   0.482   1.016  -0.352        0.25         3.65
            (HETATM   11  C   HET A   1)  -0.325   0.121  -1.184        0.0685       3.72

     Residues that move a lot and their (Movement in Angstroms, per atom)


          Heat of formation of the first geometry:             50.151 Kcal/mol
          Heat of formation of the second geometry:            49.823 Kcal/mol
          Contribution to heat of formation due to stress:    118.521  Kcal/mol
          Gradient arising from first geometry:                84.308  Kcal/mol/Angstrom
          Gradient arising from second geometry:               85.035  Kcal/mol/Angstrom
          Angle between gradient vectors:                     177.04  degrees


          Average of first and second geometries after optimization subject to 
          GEO_REF constraint of 30.0 Kcal/mol/Angstrom^2 towards the data-set geometry written to file:
          'Locate_TS bias=30.0 average.mop'

 CYCLE:     1 TIME:   0.008 TIME LEFT:  2.00D  GRAD.:   193.778 HEAT:  315.0950
 CYCLE:     2 TIME:   0.000 TIME LEFT:  2.00D  GRAD.:   192.576 HEAT:  314.4986
 CYCLE:     3 TIME:   0.008 TIME LEFT:  2.00D  GRAD.:   450.895 HEAT:  238.4987
 CYCLE:     4 TIME:   0.000 TIME LEFT:  2.00D  GRAD.:   355.461 HEAT:  210.9186
 CYCLE:     5 TIME:   0.000 TIME LEFT:  2.00D  GRAD.:   152.090 HEAT:  190.1586
 CYCLE:     6 TIME:   0.000 TIME LEFT:  2.00D  GRAD.:    40.843 HEAT:  206.1445
 CYCLE:     7 TIME:   0.008 TIME LEFT:  2.00D  GRAD.:    22.408 HEAT:  206.7252
 CYCLE:     8 TIME:   0.000 TIME LEFT:  2.00D  GRAD.:    36.512 HEAT:  200.9040
 CYCLE:     9 TIME:   0.000 TIME LEFT:  2.00D  GRAD.:    26.659 HEAT:  199.1498
 CYCLE:    10 TIME:   0.000 TIME LEFT:  2.00D  GRAD.:    12.564 HEAT:  201.0112
 CYCLE:    11 TIME:   0.008 TIME LEFT:  2.00D  GRAD.:     6.813 HEAT:  202.3107
 CYCLE:    12 TIME:   0.000 TIME LEFT:  2.00D  GRAD.:     8.800 HEAT:  202.3281
 CYCLE:    13 TIME:   0.000 TIME LEFT:  2.00D  GRAD.:     7.260 HEAT:  202.1553
 CYCLE:    14 TIME:   0.008 TIME LEFT:  2.00D  GRAD.:     8.127 HEAT:  202.1386
 CYCLE:    15 TIME:   0.000 TIME LEFT:  2.00D  GRAD.:     3.493 HEAT:  201.8556

     GRADIENT =  3.49282 IS LESS THAN CUTOFF =  4.00000



          First geometry (derived from data-set) after optimization subject to 
          GEO_REF constraint of 60.0 Kcal/mol/Angstrom^2 towards the reference geometry written to file:
          'Locate_TS bias=60.0 first.mop'


          Second geometry (derived from reference geometry)after optimization subject to 
          GEO_REF constraint of 60.0 Kcal/mol/Angstrom^2 towards the data-set geometry written to file:
          'Locate_TS bias=60.0 second.mop'


          Job name: 'Locate_TS'

          Current value of GEO_REF constraint:                 60.00  Kcal/mol/Angstrom^2
          Distance between the geometries:                    2.30  Angstroms

                     Atoms that move a lot

                     Atom Label             GEO_REF Coordinates       Movement    Integral

            (HETATM    2  H   HET A   1)   0.939  -1.228   1.180        0.63         0.63
            (HETATM    1  C   HET A   1)  -0.148  -0.815   0.951        0.32         0.94
            (HETATM    3  C   HET A   1)   0.537   0.507   0.910        0.32         1.26
            (HETATM    4  C   HET A   1)   0.501   0.990  -0.353        0.18         1.43
            (HETATM   10  C   HET A   1)  -0.749  -0.931  -0.432        0.18         1.61
            (HETATM    9  H   HET A   1)   0.837   0.979   1.808        0.17         1.78
            (HETATM    5  H   HET A   1)  -0.868  -1.078   1.744        0.17         1.95
            (HETATM    8  H   HET A   1)   1.053   1.827  -0.718        0.13         2.08
            (HETATM    6  H   HET A   1)  -1.453  -1.687  -0.734        0.13         2.21
            (HETATM   11  C   HET A   1)  -0.334   0.123  -1.180        0.0743       2.28

     Residues that move a lot and their (Movement in Angstroms, per atom)


          Heat of formation of the first geometry:             55.908 Kcal/mol
          Heat of formation of the second geometry:            55.811 Kcal/mol
          Contribution to heat of formation due to stress:     90.136  Kcal/mol
          Gradient arising from first geometry:               104.185  Kcal/mol/Angstrom
          Gradient arising from second geometry:              103.809  Kcal/mol/Angstrom
          Angle between gradient vectors:                     178.12  degrees


          Average of first and second geometries after optimization subject to 
          GEO_REF constraint of 60.0 Kcal/mol/Angstrom^2 towards the data-set geometry written to file:
          'Locate_TS bias=60.0 average.mop'

 CYCLE:     1 TIME:   0.008 TIME LEFT:  2.00D  GRAD.:   211.513 HEAT:  278.5871
 CYCLE:     2 TIME:   0.000 TIME LEFT:  2.00D  GRAD.:   209.233 HEAT:  277.8441
 CYCLE:     3 TIME:   0.000 TIME LEFT:  2.00D  GRAD.:   143.756 HEAT:  219.7636
 CYCLE:     4 TIME:   0.000 TIME LEFT:  2.00D  GRAD.:   263.554 HEAT:  197.9351
 CYCLE:     5 TIME:   0.008 TIME LEFT:  2.00D  GRAD.:    57.892 HEAT:  191.6146
 CYCLE:     6 TIME:   0.000 TIME LEFT:  2.00D  GRAD.:    24.384 HEAT:  198.4083
 CYCLE:     7 TIME:   0.000 TIME LEFT:  2.00D  GRAD.:    15.114 HEAT:  200.1896
 CYCLE:     8 TIME:   0.000 TIME LEFT:  2.00D  GRAD.:    22.837 HEAT:  197.2337
 CYCLE:     9 TIME:   0.008 TIME LEFT:  2.00D  GRAD.:    17.342 HEAT:  195.5214
 CYCLE:    10 TIME:   0.000 TIME LEFT:  2.00D  GRAD.:    15.912 HEAT:  199.0149
 CYCLE:    11 TIME:   0.000 TIME LEFT:  2.00D  GRAD.:     9.972 HEAT:  199.7857
 CYCLE:    12 TIME:   0.008 TIME LEFT:  2.00D  GRAD.:    15.245 HEAT:  197.1462
 CYCLE:    13 TIME:   0.000 TIME LEFT:  2.00D  GRAD.:     9.724 HEAT:  196.5443
 CYCLE:    14 TIME:   0.000 TIME LEFT:  2.00D  GRAD.:     9.673 HEAT:  198.3289
 CYCLE:    15 TIME:   0.000 TIME LEFT:  2.00D  GRAD.:     6.766 HEAT:  198.7021
 CYCLE:    16 TIME:   0.008 TIME LEFT:  2.00D  GRAD.:     4.763 HEAT:  197.6144
 CYCLE:    17 TIME:   0.000 TIME LEFT:  2.00D  GRAD.:     3.160 HEAT:  197.3102

     GRADIENT =  3.16024 IS LESS THAN CUTOFF =  4.00000



          First geometry (derived from data-set) after optimization subject to 
          GEO_REF constraint of 120.0 Kcal/mol/Angstrom^2 towards the reference geometry written to file:
          'Locate_TS bias=120.0 first.mop'


          Second geometry (derived from reference geometry)after optimization subject to 
          GEO_REF constraint of 120.0 Kcal/mol/Angstrom^2 towards the data-set geometry written to file:
          'Locate_TS bias=120.0 second.mop'


          Job name: 'Locate_TS'

          Current value of GEO_REF constraint:                120.00  Kcal/mol/Angstrom^2
          Distance between the geometries:                    1.37  Angstroms

                     Atoms that move a lot

                     Atom Label             GEO_REF Coordinates       Movement    Integral

            (HETATM    2  H   HET A   1)   1.010  -1.108   1.117        0.35         0.35
            (HETATM    3  C   HET A   1)   0.524   0.486   0.921        0.26         0.61
            (HETATM    1  C   HET A   1)  -0.187  -0.822   0.945        0.26         0.87
            (HETATM    4  C   HET A   1)   0.525   0.964  -0.350        0.11         0.98
            (HETATM   10  C   HET A   1)  -0.783  -0.921  -0.427        0.11         1.08
            (HETATM   11  C   HET A   1)  -0.333   0.127  -1.174        0.0673       1.15
            (HETATM    9  H   HET A   1)   0.811   0.968   1.818        0.0660       1.22
            (HETATM    5  H   HET A   1)  -0.845  -1.151   1.761        0.0641       1.28
            (HETATM    6  H   HET A   1)  -1.489  -1.669  -0.739        0.0425       1.32
            (HETATM    8  H   HET A   1)   1.086   1.800  -0.703        0.0422       1.37

     Residues that move a lot and their (Movement in Angstroms, per atom)


          Heat of formation of the first geometry:             63.243 Kcal/mol
          Heat of formation of the second geometry:            62.967 Kcal/mol
          Contribution to heat of formation due to stress:     71.100  Kcal/mol
          Gradient arising from first geometry:               128.961  Kcal/mol/Angstrom
          Gradient arising from second geometry:              130.235  Kcal/mol/Angstrom
          Angle between gradient vectors:                     178.71  degrees


          Average of first and second geometries after optimization subject to 
          GEO_REF constraint of 120.0 Kcal/mol/Angstrom^2 towards the data-set geometry written to file:
          'Locate_TS bias=120.0 average.mop'

 CYCLE:     1 TIME:   0.008 TIME LEFT:  2.00D  GRAD.:    89.041 HEAT:  188.1799
 CYCLE:     2 TIME:   0.000 TIME LEFT:  2.00D  GRAD.:    87.373 HEAT:  188.0359
 CYCLE:     3 TIME:   0.000 TIME LEFT:  2.00D  GRAD.:    29.653 HEAT:  180.4166
 CYCLE:     4 TIME:   0.008 TIME LEFT:  2.00D  GRAD.:    83.061 HEAT:  183.3065
 CYCLE:     5 TIME:   0.000 TIME LEFT:  2.00D  GRAD.:    85.144 HEAT:  187.9449
 CYCLE:     6 TIME:   0.000 TIME LEFT:  2.00D  GRAD.:    64.624 HEAT:  186.3249
 CYCLE:     7 TIME:   0.000 TIME LEFT:  2.00D  GRAD.:    38.516 HEAT:  181.4238
 CYCLE:     8 TIME:   0.008 TIME LEFT:  2.00D  GRAD.:    38.090 HEAT:  176.2103
 CYCLE:     9 TIME:   0.000 TIME LEFT:  2.00D  GRAD.:    19.743 HEAT:  175.1345
 CYCLE:    10 TIME:   0.000 TIME LEFT:  2.00D  GRAD.:    15.883 HEAT:  175.0178
 CYCLE:    11 TIME:   0.000 TIME LEFT:  2.00D  GRAD.:    14.279 HEAT:  174.9531
 CYCLE:    12 TIME:   0.008 TIME LEFT:  2.00D  GRAD.:    12.026 HEAT:  174.8878
 CYCLE:    13 TIME:   0.000 TIME LEFT:  2.00D  GRAD.:    17.140 HEAT:  175.3734
 CYCLE:    14 TIME:   0.000 TIME LEFT:  2.00D  GRAD.:    10.044 HEAT:  175.2622
 CYCLE:    15 TIME:   0.008 TIME LEFT:  2.00D  GRAD.:     9.157 HEAT:  175.1449
 CYCLE:    16 TIME:   0.000 TIME LEFT:  2.00D  GRAD.:     8.653 HEAT:  175.0337
 CYCLE:    17 TIME:   0.000 TIME LEFT:  2.00D  GRAD.:    75.845 HEAT:  174.4988
 CYCLE:    18 TIME:   0.000 TIME LEFT:  2.00D  GRAD.:     8.419 HEAT:  174.5755
 CYCLE:    19 TIME:   0.008 TIME LEFT:  2.00D  GRAD.:     5.365 HEAT:  174.6326
 CYCLE:    20 TIME:   0.000 TIME LEFT:  2.00D  GRAD.:     3.914 HEAT:  174.1522

     GRADIENT =  3.91443 IS LESS THAN CUTOFF =  4.00000



          First geometry (derived from data-set) after optimization subject to 
          GEO_REF constraint of 120.0 Kcal/mol/Angstrom^2 towards the reference geometry written to file:
          'Locate_TS bias=120.0 first.mop'


          Second geometry (derived from reference geometry)after optimization subject to 
          GEO_REF constraint of 120.0 Kcal/mol/Angstrom^2 towards the data-set geometry written to file:
          'Locate_TS bias=120.0 second.mop'


          Job name: 'Locate_TS'

          Current value of GEO_REF constraint:                120.00  Kcal/mol/Angstrom^2
          Distance between the geometries:                    1.11  Angstroms

                     Atoms that move a lot

                     Atom Label             GEO_REF Coordinates       Movement    Integral

            (HETATM    2  H   HET A   1)   1.019  -1.068   1.063        0.29         0.29
            (HETATM    1  C   HET A   1)  -0.213  -0.820   0.942        0.23         0.52
            (HETATM    3  C   HET A   1)   0.516   0.480   0.930        0.23         0.75
            (HETATM   10  C   HET A   1)  -0.798  -0.913  -0.421        0.0801       0.83
            (HETATM    4  C   HET A   1)   0.537   0.954  -0.348        0.0799       0.91
            (HETATM   11  C   HET A   1)  -0.328   0.130  -1.170        0.0556       0.96
            (HETATM    5  H   HET A   1)  -0.824  -1.185   1.770        0.0439       1.01
            (HETATM    9  H   HET A   1)   0.814   0.962   1.826        0.0429       1.05
            (HETATM    8  H   HET A   1)   1.096   1.795  -0.694        0.0278       1.08
            (HETATM    6  H   HET A   1)  -1.501  -1.662  -0.735        0.0277       1.11

     Residues that move a lot and their (Movement in Angstroms, per atom)


          Heat of formation of the first geometry:             61.197 Kcal/mol
          Heat of formation of the second geometry:            62.293 Kcal/mol
          Contribution to heat of formation due to stress:     50.662  Kcal/mol
          Gradient arising from first geometry:               111.012  Kcal/mol/Angstrom
          Gradient arising from second geometry:              109.796  Kcal/mol/Angstrom
          Angle between gradient vectors:                     178.20  degrees


          Average of first and second geometries after optimization subject to 
          GEO_REF constraint of 120.0 Kcal/mol/Angstrom^2 towards the data-set geometry written to file:
          'Locate_TS bias=120.0 average.mop'

  Loop:   1  Energy minimization, excluding active site, using L-BFGS

 CYCLE:     1 TIME:   0.008 TIME LEFT:  2.00D  GRAD.:    20.473 HEAT:  73.34665
 CYCLE:     2 TIME:   0.000 TIME LEFT:  2.00D  GRAD.:    19.961 HEAT:  73.33827
 CYCLE:     3 TIME:   0.000 TIME LEFT:  2.00D  GRAD.:    14.545 HEAT:  73.17829
 CYCLE:     4 TIME:   0.008 TIME LEFT:  2.00D  GRAD.:    19.991 HEAT:  73.33567
 CYCLE:     5 TIME:   0.000 TIME LEFT:  2.00D  GRAD.:    14.657 HEAT:  73.17764
 CYCLE:     6 TIME:   0.000 TIME LEFT:  2.00D  GRAD.:    13.156 HEAT:  73.06382
 CYCLE:     7 TIME:   0.008 TIME LEFT:  2.00D  GRAD.:    15.629 HEAT:  72.74530
 CYCLE:     8 TIME:   0.000 TIME LEFT:  2.00D  GRAD.:    23.419 HEAT:  72.61081
 CYCLE:     9 TIME:   0.000 TIME LEFT:  2.00D  GRAD.:     9.780 HEAT:  72.46559
 CYCLE:    10 TIME:   0.000 TIME LEFT:  2.00D  GRAD.:     5.424 HEAT:  72.38047
 CYCLE:    11 TIME:   0.008 TIME LEFT:  2.00D  GRAD.:     4.865 HEAT:  72.34582

     GRADIENT =  4.86529 IS LESS THAN CUTOFF =  5.00000


  Loop:   1  Gradient minimization of atoms in the active site using TS

          Transition state on cycle 1 written to file:
          'Locate_TS Loop1.mop'


          HESSIAN CALCULATED NUMERICALLY

 CYCLE:     1 TIME:   0.023 TIME LEFT:  2.00D  GRAD.:    17.844 HEAT:  72.34484
 CYCLE:     2 TIME:   0.000 TIME LEFT:  2.00D  GRAD.:     4.050 HEAT:  71.78159
 CYCLE:     3 TIME:   0.008 TIME LEFT:  2.00D  GRAD.:     2.441 HEAT:  71.77914

     GRADIENT =  2.44100 IS LESS THAN CUTOFF =  3.00000


  Loop:   2  Energy minimization, excluding active site, using L-BFGS

 CYCLE:     1 TIME:   0.000 TIME LEFT:  2.00D  GRAD.:     8.469 HEAT:  71.77850
 CYCLE:     2 TIME:   0.000 TIME LEFT:  2.00D  GRAD.:     8.427 HEAT:  71.77775
 CYCLE:     3 TIME:   0.000 TIME LEFT:  2.00D  GRAD.:    17.524 HEAT:  71.73591
 CYCLE:     4 TIME:   0.008 TIME LEFT:  2.00D  GRAD.:     9.151 HEAT:  71.77866
 CYCLE:     5 TIME:   0.000 TIME LEFT:  2.00D  GRAD.:    20.239 HEAT:  71.76381
 CYCLE:     6 TIME:   0.008 TIME LEFT:  2.00D  GRAD.:     5.554 HEAT:  71.66143
 CYCLE:     7 TIME:   0.000 TIME LEFT:  2.00D  GRAD.:     3.802 HEAT:  71.63596

     GRADIENT =  3.80210 IS LESS THAN CUTOFF =  5.00000


  Loop:   2  Gradient minimization of atoms in the active site using TS

          Transition state on cycle 2 written to file:
          'Locate_TS Loop2.mop'

 CYCLE:     1 TIME:   0.000 TIME LEFT:  2.00D  GRAD.:     7.268 HEAT:  71.63559
 CYCLE:     2 TIME:   0.008 TIME LEFT:  2.00D  GRAD.:     1.359 HEAT:  71.63526

     GRADIENT =  1.35933 IS LESS THAN CUTOFF =  3.00000


  Loop:   3  Energy minimization, excluding active site, using L-BFGS

 CYCLE:     1 TIME:   0.000 TIME LEFT:  2.00D  GRAD.:     7.563 HEAT:  71.63473
 CYCLE:     2 TIME:   0.000 TIME LEFT:  2.00D  GRAD.:     7.474 HEAT:  71.63413
 CYCLE:     3 TIME:   0.008 TIME LEFT:  2.00D  GRAD.:     4.984 HEAT:  71.60715

     GRADIENT =  4.98351 IS LESS THAN CUTOFF =  5.00000


  Loop:   3  Gradient minimization of atoms in the active site using TS

          Transition state on cycle 3 written to file:
          'Locate_TS Loop3.mop'

 CYCLE:     1 TIME:   0.000 TIME LEFT:  2.00D  GRAD.:     4.876 HEAT:  71.60678
 CYCLE:     2 TIME:   0.000 TIME LEFT:  2.00D  GRAD.:     1.683 HEAT:  71.62162

     GRADIENT =  1.68278 IS LESS THAN CUTOFF =  3.00000


  Loop:   4  Energy minimization, excluding active site, using L-BFGS

 CYCLE:     1 TIME:   0.008 TIME LEFT:  2.00D  GRAD.:     7.047 HEAT:  71.62090
 CYCLE:     2 TIME:   0.000 TIME LEFT:  2.00D  GRAD.:     6.969 HEAT:  71.62037
 CYCLE:     3 TIME:   0.000 TIME LEFT:  2.00D  GRAD.:     6.584 HEAT:  71.60306
 CYCLE:     4 TIME:   0.008 TIME LEFT:  2.00D  GRAD.:     7.898 HEAT:  71.62084
 CYCLE:     5 TIME:   0.000 TIME LEFT:  2.00D  GRAD.:     8.166 HEAT:  71.60853
 CYCLE:     6 TIME:   0.000 TIME LEFT:  2.00D  GRAD.:     2.597 HEAT:  71.59452

     GRADIENT =  2.59703 IS LESS THAN CUTOFF =  5.00000


  Loop:   4  Gradient minimization of atoms in the active site using TS

          Transition state on cycle 4 written to file:
          'Locate_TS Loop4.mop'


     GRADIENT =  2.52707 IS LESS THAN CUTOFF =  3.00000


  Loop:   5  Energy minimization, excluding active site, using L-BFGS

 CYCLE:     1 TIME:   0.000 TIME LEFT:  2.00D  GRAD.:     2.829 HEAT:  71.59420

     GRADIENT =  2.82908 IS LESS THAN CUTOFF =  5.00000


  Loop:   5  Gradient minimization of atoms in the active site using TS

          Transition state on cycle 5 written to file:
          'Locate_TS Loop5.mop'


     GRADIENT =  2.25285 IS LESS THAN CUTOFF =  3.00000



 -------------------------------------------------------------------------------
 geo-ok HTML
 Transition state for 1,3-Cyclobutadiene <=> 2,4-Cyclobutadiene
 Locate approximate structure of the transition state for the second step in the hydride transfer


     TRANSITION GEOMETRY LOCATED USING LOCATE-TS              
     SCF FIELD WAS ACHIEVED                                   


                              PM7 CALCULATION
                                                       MOPAC v23.1.2 Linux
                                                       Thu Aug 28 20:20:23 2025




          FINAL HEAT OF FORMATION =         71.59418 KCAL/MOL =     299.55007 KJ/MOL



          GRADIENT NORM           =          2.25285          =       0.67926 PER ATOM
          NO. OF FILLED LEVELS    =         13
          MOLECULAR WEIGHT        =         66.1024         POINT GROUP:  Cs  

          MOLECULAR DIMENSIONS (Angstroms)

            Atom       Atom       Distance
            H     8    H     5     4.34902
            H     9    H     6     4.12820
            H     7    H     2     1.53739


          SCF CALCULATIONS        =         59
 
          WALL-CLOCK TIME         =      0.328 SECONDS
          COMPUTATION TIME        =      0.323 SECONDS



       FINAL  POINT  AND  DERIVATIVES

                                         Cartesian Gradients         Cartesian Coordinates          |Gradient|
  Atom                                   X        Y        Z        X          Y          Z
 
    1  C(HETATM    1  C   HET A   1)   -0.807    0.216    0.337   -0.33194   -0.79960    0.92914       0.901
    2  H(HETATM    2  H   HET A   1)    0.826    1.071    0.174    1.08428   -0.93630    0.95384       1.363
    3  C(HETATM    3  C   HET A   1)    0.812   -1.101   -0.730    0.56194    0.39186    0.94897       1.551
 

              GRADIENTS FOR ALL GROUPS

                Group       Gradient
 
              HET    1        2.253




   ATOM                 CHEMICAL                   X               Y               Z
  NUMBER                 SYMBOL               (ANGSTROMS)     (ANGSTROMS)     (ANGSTROMS)
 
     1       C(HETATM    1  C   HET A   1)   -0.33193632  *  -0.79959962  *   0.92914428  *
     2       H(HETATM    2  H   HET A   1)    1.08427612  *  -0.93629661  *   0.95383805  *
     3       C(HETATM    3  C   HET A   1)    0.56194246  *   0.39185686  *   0.94896945  *
     4       C(HETATM    4  C   HET A   1)    0.56014259      0.91793195     -0.36273533   
     5       H(HETATM    5  H   HET A   1)   -0.74984936     -1.27716767      1.79177964   
     6       H(HETATM    6  H   HET A   1)   -1.49983168     -1.66429736     -0.73855644   
     7       H(HETATM    7  H   HET A   1)   -0.49016291      0.30501720     -2.20316266   
     8       H(HETATM    8  H   HET A   1)    1.10449212      1.78252602     -0.68080670   
     9       H(HETATM    9  H   HET A   1)    0.88795610      0.90537594      1.83071466   
    10       C(HETATM   10  C   HET A   1)   -0.82023290     -0.91233786     -0.39536524   
    11       C(HETATM   11  C   HET A   1)   -0.27782128      0.12607514     -1.16771836   

                             CARTESIAN COORDINATES

   1    C       -0.331936321    -0.799599620     0.929144276
   2    H        1.084276116    -0.936296606     0.953838055
   3    C        0.561942456     0.391856858     0.948969450
   4    C        0.560142592     0.917931947    -0.362735329
   5    H       -0.749849356    -1.277167667     1.791779641
   6    H       -1.499831676    -1.664297359    -0.738556440
   7    H       -0.490162912     0.305017200    -2.203162663
   8    H        1.104492119     1.782526017    -0.680806697
   9    H        0.887956099     0.905375935     1.830714661
  10    C       -0.820232897    -0.912337859    -0.395365237
  11    C       -0.277821275     0.126075142    -1.167718363


                  UNUSUALLY SHORT HYDROGEN BOND DISTANCES

  Hydrogen   R(H-A)  Atom A    R(H-B)  Atom B     R(A-B)      Loc-A      Loc-B
       2      1.43   C    3     1.42   C    1      1.49     HET   1  A  HET   1  A
 

           Empirical Formula: C5 H6  =    11 atoms



              NET ATOMIC CHARGES AND DIPOLE CONTRIBUTIONS

  ATOM NO.                 TYPE                        CHARGE      No. of ELECS.   s-Pop       p-Pop       
    1          C(HETATM    1  C   HET A   1)          -0.254376        4.2544     1.07478     3.17959
    2          H(HETATM    2  H   HET A   1)           0.292394        0.7076     0.70761
    3          C(HETATM    3  C   HET A   1)          -0.250784        4.2508     1.07514     3.17564
    4          C(HETATM    4  C   HET A   1)          -0.197963        4.1980     1.08165     3.11631
    5          H(HETATM    5  H   HET A   1)           0.163630        0.8364     0.83637
    6          H(HETATM    6  H   HET A   1)           0.151018        0.8490     0.84898
    7          H(HETATM    7  H   HET A   1)           0.148204        0.8518     0.85180
    8          H(HETATM    8  H   HET A   1)           0.151071        0.8489     0.84893
    9          H(HETATM    9  H   HET A   1)           0.163576        0.8364     0.83642
   10          C(HETATM   10  C   HET A   1)          -0.196195        4.1962     1.08172     3.11447
   11          C(HETATM   11  C   HET A   1)          -0.170575        4.1706     1.08554     3.08503

          NET CHARGE ON RESIDUES

      Residue         Charge  Anion or
                              Cation?
      HET A   1       +0.000
 


 DIPOLE           X         Y         Z       TOTAL
 POINT-CHG.     1.192    -0.915     0.984     1.797
 HYBRID         0.301    -0.228     0.163     0.411
 SUM            1.493    -1.143     1.147     2.203


          ATOMIC ORBITAL ELECTRON POPULATIONS

                   Atom                  s        px        py        pz   
    1  C(HETATM    1  C   HET A   1)   1.07478   0.97231   1.13276   1.07452
    2  H(HETATM    2  H   HET A   1)   0.70761
    3  C(HETATM    3  C   HET A   1)   1.07514   1.16025   0.94029   1.07509
    4  C(HETATM    4  C   HET A   1)   1.08165   1.06243   1.06582   0.98805
    5  H(HETATM    5  H   HET A   1)   0.83637
    6  H(HETATM    6  H   HET A   1)   0.84898
    7  H(HETATM    7  H   HET A   1)   0.85180
    8  H(HETATM    8  H   HET A   1)   0.84893
    9  H(HETATM    9  H   HET A   1)   0.83642
   10  C(HETATM   10  C   HET A   1)   1.08172   1.06547   1.06038   0.98863
   11  C(HETATM   11  C   HET A   1)   1.08554   1.01548   1.00198   1.06757

 **********************
 *                    *
 * JOB ENDED NORMALLY *
 *                    *
 **********************



 TOTAL JOB TIME:             0.33 SECONDS

 == MOPAC DONE ==
