 *******************************************************************************
 **                                                                           **
 **                              MOPAC v23.1.2                                **
 **                                                                           **
 *******************************************************************************
 **          Digital Object Identifier (DOI): 10.5281/zenodo.6511958          **
 **    Visit the DOI location for information on how to cite this program.    **
 *******************************************************************************

                              PM7 CALCULATION RESULTS

 *******************************************************************************
 *  CALCULATION DONE: (MAX THREADS = 4)              Thu Aug 28 20:20:49 2025  *
 *  SINGLET    - SPIN STATE DEFINED AS A SINGLET
 *  RHF        - RESTRICTED HARTREE-FOCK CALCULATION
 *  OPEN(M,N)  - THERE ARE 2 ELECTRONS IN 2 LEVELS
 *  ROOT       - IN A C.I. CALCULATION, ROOT "2" TO BE OPTIMIZED.
 *  T=         - A TIME OF 172800.0 SECONDS REQUESTED
 *  DUMP=N     - RESTART FILE WRITTEN EVERY 7200.0 SECONDS REQUESTED
 *******************************************************************************
RHF SINGLET OPEN(2,2) ROOT=2
 comment1
 comment2
   ATOM   CHEMICAL          X               Y               Z
  NUMBER   SYMBOL      (ANGSTROMS)     (ANGSTROMS)     (ANGSTROMS)
 
     1       C         -0.91179000  *   0.11035000  *  -0.00567000  *
     2       C         -0.96839000  *   1.44322000  *   0.06186000  *
     3       H         -0.06555000  *   2.04462000  *   0.02330000  *
     4       H         -1.91868000  *   1.95916000  *   0.15703000  *
     5       H         -1.56780000  *  -0.32846000  *  -0.69943000  *
     6       H         -0.23460000  *  -0.52753000  *   0.45062000  *
 


          CARTESIAN COORDINATES 

    NO.       ATOM           X           Y           Z

     1         C         -0.9118      0.1103     -0.0057
     2         C         -0.9684      1.4432      0.0619
     3         H         -0.0655      2.0446      0.0233
     4         H         -1.9187      1.9592      0.1570
     5         H         -1.5678     -0.3285     -0.6994
     6         H         -0.2346     -0.5275      0.4506

 General Reference for PM7:
 "Optimization of Parameters for Semiempirical Methods VI: More Modifications to the 
 NDDO Approximations and Re-optimization of Parameters", J. J. P. Stewart, J. Mol. Mod., 1:32, 19 (2013)
 https://link.springer.com/article/10.1007/s00894-012-1667-x

           Empirical Formula: C2 H4  =     6 atoms



      MOLECULAR POINT GROUP   :   D2  


 SINGLET STATE CALCULATION

      THERE ARE    5 DOUBLY FILLED LEVELS


      RHF CALCULATION, NO. OF DOUBLY OCCUPIED LEVELS = 5


                       NO. OF SINGLY OCCUPIED LEVELS =    2

          Geometry optimization using EF

          DIAGONAL MATRIX USED AS START HESSIAN

 CYCLE:     1 TIME:   0.008 TIME LEFT:  2.00D  GRAD.:    65.481 HEAT:  115.3758
 CYCLE:     2 TIME:   0.000 TIME LEFT:  2.00D  GRAD.:   342.613 HEAT:  114.0177
 CYCLE:     3 TIME:   0.008 TIME LEFT:  2.00D  GRAD.:   117.118 HEAT:  112.0026
 CYCLE:     4 TIME:   0.008 TIME LEFT:  2.00D  GRAD.:    88.109 HEAT:  107.9315
 CYCLE:     5 TIME:   0.008 TIME LEFT:  2.00D  GRAD.:    71.150 HEAT:  103.0369
 CYCLE:     6 TIME:   0.008 TIME LEFT:  2.00D  GRAD.:   128.709 HEAT:  101.0304
 CYCLE:     7 TIME:   0.008 TIME LEFT:  2.00D  GRAD.:    65.966 HEAT:  99.66422
 CYCLE:     8 TIME:   0.008 TIME LEFT:  2.00D  GRAD.:    34.731 HEAT:  98.39142
 CYCLE:     9 TIME:   0.000 TIME LEFT:  2.00D  GRAD.:    16.484 HEAT:  98.07853
 CYCLE:    10 TIME:   0.008 TIME LEFT:  2.00D  GRAD.:    11.066 HEAT:  97.89906
 CYCLE:    11 TIME:   0.008 TIME LEFT:  2.00D  GRAD.:    15.172 HEAT:  97.77558
 CYCLE:    12 TIME:   0.000 TIME LEFT:  2.00D  GRAD.:    26.455 HEAT:  97.66147
 CYCLE:    13 TIME:   0.008 TIME LEFT:  2.00D  GRAD.:     4.017 HEAT:  97.57882
 CYCLE:    14 TIME:   0.008 TIME LEFT:  2.00D  GRAD.:     3.394 HEAT:  97.54158
 CYCLE:    15 TIME:   0.008 TIME LEFT:  2.00D  GRAD.:     1.984 HEAT:  97.53290
 CYCLE:    16 TIME:   0.000 TIME LEFT:  2.00D  GRAD.:     0.753 HEAT:  97.52931

     GRADIENT =  0.75315 IS LESS THAN CUTOFF =  1.00000



 -------------------------------------------------------------------------------
 RHF SINGLET OPEN(2,2) ROOT=2
 comment1
 comment2


     GEOMETRY OPTIMISED USING EIGENVECTOR FOLLOWING (EF).     
     SCF FIELD WAS ACHIEVED                                   


                              PM7 CALCULATION
                                                       MOPAC v23.1.2 Linux
                                                       Thu Aug 28 20:20:49 2025




          FINAL HEAT OF FORMATION =         97.52955 KCAL/MOL =     408.06365 KJ/MOL


          COSMO AREA              =         70.91 SQUARE ANGSTROMS
          COSMO VOLUME            =         52.71 CUBIC ANGSTROMS

          GRADIENT NORM           =          0.75315          =       0.30747 PER ATOM
          NO. OF FILLED LEVELS    =          5
          AND NO. OF OPEN LEVELS  =          2
          MOLECULAR WEIGHT        =         28.0536         POINT GROUP:  C2v 

          MOLECULAR DIMENSIONS (Angstroms)

            Atom       Atom       Distance
            H     6    H     4     2.90408
            H     5    H     3     2.22718
            H     4    H     3     1.22385


          SCF CALCULATIONS        =         18
 
          WALL-CLOCK TIME         =      0.109 SECONDS
          COMPUTATION TIME        =      0.108 SECONDS




   ATOM   CHEMICAL          X               Y               Z
  NUMBER   SYMBOL      (ANGSTROMS)     (ANGSTROMS)     (ANGSTROMS)
 
     1       C         -0.92031532  *   0.10687968  *  -0.04751840  *
     2       C         -0.96446681  *   1.42674694  *   0.06915399  *
     3       H         -0.25314784  *   2.16655976  *  -0.23915861  *
     4       H         -1.71820634  *   2.05747861  *   0.49534667  *
     5       H         -1.31314339  *  -0.44415632  *  -0.91921680  *
     6       H         -0.48624552  *  -0.56324590  *   0.71383332  *

                             CARTESIAN COORDINATES

   1    C       -0.920315320     0.106879677    -0.047518403
   2    C       -0.964466807     1.426746939     0.069153993
   3    H       -0.253147842     2.166559762    -0.239158613
   4    H       -1.718206337     2.057478610     0.495346675
   5    H       -1.313143389    -0.444156315    -0.919216795
   6    H       -0.486245522    -0.563245897     0.713833323


           Empirical Formula: C2 H4  =     6 atoms



      MOLECULAR POINT GROUP   :   C2v 


                  EIGENVALUES  
 -26.40689 -20.44319 -14.67510 -14.44965 -14.10715  -4.31003  -4.20911   5.77849
   5.85973   5.90844   6.38265   6.64829


              NET ATOMIC CHARGES AND DIPOLE CONTRIBUTIONS

  ATOM NO.   TYPE          CHARGE      No. of ELECS.   s-Pop       p-Pop       
    1          C           0.499204        3.5008     1.09362     2.40718
    2          C          -1.156254        5.1563     1.07874     4.07751
    3          H           0.214359        0.7856     0.78564
    4          H           0.214094        0.7859     0.78591
    5          H           0.114176        0.8858     0.88582
    6          H           0.114422        0.8856     0.88558
 DIPOLE           X         Y         Z       TOTAL
 POINT-CHG.     0.135    -3.874    -0.347     3.892
 HYBRID        -0.003     0.124     0.009     0.124
 SUM            0.131    -3.750    -0.338     3.768


          ATOMIC ORBITAL ELECTRON POPULATIONS

     Atom    s        px        py        pz   
    1  C   1.09362   0.42410   1.03392   0.94916
    2  C   1.07874   1.27951   1.03518   1.76282
    3  H   0.78564
    4  H   0.78591
    5  H   0.88582
    6  H   0.88558
 *******************************************************************************
 **                                                                           **
 **                              MOPAC v23.1.2                                **
 **                                                                           **
 *******************************************************************************
 **          Digital Object Identifier (DOI): 10.5281/zenodo.6511958          **
 **    Visit the DOI location for information on how to cite this program.    **
 *******************************************************************************

                              PM7 CALCULATION RESULTS

 *******************************************************************************
 *  CALCULATION DONE: (MAX THREADS = 4)              Thu Aug 28 20:20:49 2025  *
 *  EXCITED    - FIRST EXCITED STATE IS TO BE OPTIMIZED
 *  RHF        - RESTRICTED HARTREE-FOCK CALCULATION
 *  T=         - A TIME OF 172800.0 SECONDS REQUESTED
 *  DUMP=N     - RESTART FILE WRITTEN EVERY 7200.0 SECONDS REQUESTED
 *******************************************************************************
RHF EXCITED
 comment1
 comment2
   ATOM   CHEMICAL          X               Y               Z
  NUMBER   SYMBOL      (ANGSTROMS)     (ANGSTROMS)     (ANGSTROMS)
 
     1       C         -0.91179000  *   0.11035000  *  -0.00567000  *
     2       C         -0.96839000  *   1.44322000  *   0.06186000  *
     3       H         -0.06555000  *   2.04462000  *   0.02330000  *
     4       H         -1.91868000  *   1.95916000  *   0.15703000  *
     5       H         -1.56780000  *  -0.32846000  *  -0.69943000  *
     6       H         -0.23460000  *  -0.52753000  *   0.45062000  *
 


          CARTESIAN COORDINATES 

    NO.       ATOM           X           Y           Z

     1         C         -0.9118      0.1103     -0.0057
     2         C         -0.9684      1.4432      0.0619
     3         H         -0.0655      2.0446      0.0233
     4         H         -1.9187      1.9592      0.1570
     5         H         -1.5678     -0.3285     -0.6994
     6         H         -0.2346     -0.5275      0.4506

 General Reference for PM7:
 "Optimization of Parameters for Semiempirical Methods VI: More Modifications to the 
 NDDO Approximations and Re-optimization of Parameters", J. J. P. Stewart, J. Mol. Mod., 1:32, 19 (2013)
 https://link.springer.com/article/10.1007/s00894-012-1667-x

           Empirical Formula: C2 H4  =     6 atoms



      MOLECULAR POINT GROUP   :   D2  


 SYSTEM IS A BIRADICAL


 EXCITED STATE CALCULATION

      THERE ARE    5 DOUBLY FILLED LEVELS


      RHF CALCULATION, NO. OF DOUBLY OCCUPIED LEVELS = 5


                       NO. OF SINGLY OCCUPIED LEVELS =    2

          Geometry optimization using EF

          DIAGONAL MATRIX USED AS START HESSIAN

 CYCLE:     1 TIME:   0.016 TIME LEFT:  2.00D  GRAD.:    65.481 HEAT:  115.3758
 CYCLE:     2 TIME:   0.000 TIME LEFT:  2.00D  GRAD.:   342.613 HEAT:  114.0177
 CYCLE:     3 TIME:   0.016 TIME LEFT:  2.00D  GRAD.:   117.118 HEAT:  112.0026
 CYCLE:     4 TIME:   0.008 TIME LEFT:  2.00D  GRAD.:    88.109 HEAT:  107.9315
 CYCLE:     5 TIME:   0.008 TIME LEFT:  2.00D  GRAD.:    71.150 HEAT:  103.0369
 CYCLE:     6 TIME:   0.000 TIME LEFT:  2.00D  GRAD.:   128.709 HEAT:  101.0304
 CYCLE:     7 TIME:   0.008 TIME LEFT:  2.00D  GRAD.:    65.966 HEAT:  99.66422
 CYCLE:     8 TIME:   0.008 TIME LEFT:  2.00D  GRAD.:    34.731 HEAT:  98.39142
 CYCLE:     9 TIME:   0.000 TIME LEFT:  2.00D  GRAD.:    16.484 HEAT:  98.07853
 CYCLE:    10 TIME:   0.008 TIME LEFT:  2.00D  GRAD.:    11.066 HEAT:  97.89906
 CYCLE:    11 TIME:   0.008 TIME LEFT:  2.00D  GRAD.:    15.172 HEAT:  97.77558
 CYCLE:    12 TIME:   0.000 TIME LEFT:  2.00D  GRAD.:    26.455 HEAT:  97.66147
 CYCLE:    13 TIME:   0.008 TIME LEFT:  2.00D  GRAD.:     4.017 HEAT:  97.57882
 CYCLE:    14 TIME:   0.008 TIME LEFT:  2.00D  GRAD.:     3.394 HEAT:  97.54158
 CYCLE:    15 TIME:   0.000 TIME LEFT:  2.00D  GRAD.:     1.984 HEAT:  97.53290
 CYCLE:    16 TIME:   0.008 TIME LEFT:  2.00D  GRAD.:     0.753 HEAT:  97.52931

     GRADIENT =  0.75315 IS LESS THAN CUTOFF =  1.00000



 -------------------------------------------------------------------------------
 RHF EXCITED
 comment1
 comment2


     GEOMETRY OPTIMISED USING EIGENVECTOR FOLLOWING (EF).     
     SCF FIELD WAS ACHIEVED                                   


                              PM7 CALCULATION
                                                       MOPAC v23.1.2 Linux
                                                       Thu Aug 28 20:20:50 2025




          FINAL HEAT OF FORMATION =         97.52955 KCAL/MOL =     408.06365 KJ/MOL


          COSMO AREA              =         70.91 SQUARE ANGSTROMS
          COSMO VOLUME            =         52.71 CUBIC ANGSTROMS

          GRADIENT NORM           =          0.75315          =       0.30747 PER ATOM
          NO. OF FILLED LEVELS    =          5
          AND NO. OF OPEN LEVELS  =          2
          MOLECULAR WEIGHT        =         28.0536         POINT GROUP:  C2v 

          MOLECULAR DIMENSIONS (Angstroms)

            Atom       Atom       Distance
            H     6    H     4     2.90408
            H     5    H     3     2.22718
            H     4    H     3     1.22385


          SCF CALCULATIONS        =         18
 
          WALL-CLOCK TIME         =      0.227 SECONDS
          COMPUTATION TIME        =      0.250 SECONDS




   ATOM   CHEMICAL          X               Y               Z
  NUMBER   SYMBOL      (ANGSTROMS)     (ANGSTROMS)     (ANGSTROMS)
 
     1       C         -0.92031532  *   0.10687968  *  -0.04751840  *
     2       C         -0.96446681  *   1.42674694  *   0.06915399  *
     3       H         -0.25314784  *   2.16655976  *  -0.23915861  *
     4       H         -1.71820634  *   2.05747861  *   0.49534667  *
     5       H         -1.31314339  *  -0.44415632  *  -0.91921680  *
     6       H         -0.48624552  *  -0.56324590  *   0.71383332  *

                             CARTESIAN COORDINATES

   1    C       -0.920315320     0.106879677    -0.047518403
   2    C       -0.964466807     1.426746939     0.069153993
   3    H       -0.253147842     2.166559762    -0.239158613
   4    H       -1.718206337     2.057478610     0.495346675
   5    H       -1.313143389    -0.444156315    -0.919216795
   6    H       -0.486245522    -0.563245897     0.713833323


           Empirical Formula: C2 H4  =     6 atoms



      MOLECULAR POINT GROUP   :   C2v 


                  EIGENVALUES  
 -26.40689 -20.44319 -14.67510 -14.44965 -14.10715  -4.31003  -4.20911   5.77849
   5.85973   5.90844   6.38265   6.64829


              NET ATOMIC CHARGES AND DIPOLE CONTRIBUTIONS

  ATOM NO.   TYPE          CHARGE      No. of ELECS.   s-Pop       p-Pop       
    1          C           0.499204        3.5008     1.09362     2.40718
    2          C          -1.156254        5.1563     1.07874     4.07751
    3          H           0.214359        0.7856     0.78564
    4          H           0.214094        0.7859     0.78591
    5          H           0.114176        0.8858     0.88582
    6          H           0.114422        0.8856     0.88558
 DIPOLE           X         Y         Z       TOTAL
 POINT-CHG.     0.135    -3.874    -0.347     3.892
 HYBRID        -0.003     0.124     0.009     0.124
 SUM            0.131    -3.750    -0.338     3.768


          ATOMIC ORBITAL ELECTRON POPULATIONS

     Atom    s        px        py        pz   
    1  C   1.09362   0.42410   1.03392   0.94916
    2  C   1.07874   1.27951   1.03518   1.76282
    3  H   0.78564
    4  H   0.78591
    5  H   0.88582
    6  H   0.88558

 **********************
 *                    *
 * JOB ENDED NORMALLY *
 *                    *
 **********************



 TOTAL JOB TIME:             0.34 SECONDS

 == MOPAC DONE ==
